// Jest Snapshot v1, https://goo.gl/fbAQLP

exports[`<ProteinResult /> matches snapshot 1`] = `
<div>
  <div
    class="form-group"
  >
    <label
      class=""
    >
      Protein
    </label>
    <input
      class="form-control"
      readonly=""
      type="text"
      value="protein"
    />
  </div>
</div>
`;
